// Jest Snapshot v1, https://goo.gl/fbAQLP

exports[`Component <Alert /> Test should render default 1`] = `
<div
  className="frog-alert frog-alert-default"
>
  default
</div>
`;

exports[`Component <Alert /> Test should render specific type 1`] = `
Array [
  <div
    className="frog-alert frog-alert-success"
  >
    success
  </div>,
  <div
    className="frog-alert frog-alert-info"
  >
    info
  </div>,
  <div
    className="frog-alert frog-alert-warning"
  >
    warning
  </div>,
  <div
    className="frog-alert frog-alert-error"
  >
    error
  </div>,
]
`;
